11:14:10 **** Incremental Build of configuration Debug for project Project198 ****
make -j11 all 
arm-none-eabi-gcc "../Core/Src/main.c" -mcpu=cortex-m4 -std=gnu11 -g3 -DDEBUG -DUSE_HAL_DRIVER -DSTM32F401xE -c -I../Core/Inc -I../Drivers/STM32F4xx_HAL_Driver/Inc -I../Drivers/STM32F4xx_HAL_Driver/Inc/Legacy -I../Drivers/CMSIS/Device/ST/STM32F4xx/Include -I../Drivers/CMSIS/Include -O0 -ffunction-sections -fdata-sections -Wall -fstack-usage -fcyclomatic-complexity -MMD -MP -MF"Core/Src/main.d" -MT"Core/Src/main.o" --specs=nano.specs -mfpu=fpv4-sp-d16 -mfloat-abi=hard -mthumb -o "Core/Src/main.o"
arm-none-eabi-gcc -o "Project198.elf" @"objects.list"   -mcpu=cortex-m4 -T"/Users/angelinakong/STM32CubeIDE/workspace_1.13.2/Project198/STM32F401RETX_FLASH.ld" --specs=nosys.specs -Wl,-Map="Project198.map" -Wl,--gc-sections -static --specs=nano.specs -mfpu=fpv4-sp-d16 -mfloat-abi=hard -mthumb -Wl,--start-group -lc -lm -Wl,--end-group
Finished building target: Project198.elf
 
arm-none-eabi-size   Project198.elf 
arm-none-eabi-objdump -h -S  Project198.elf  > "Project198.list"
   text	   data	    bss	    dec	    hex	filename
  12604	     20	   1788	  14412	   384c	Project198.elf
Finished building: default.size.stdout
 
Finished building: Project198.list
 

11:14:11 Build Finished. 0 errors, 0 warnings. (took 715ms)

